// Jest Snapshot v1, https://goo.gl/fbAQLP

exports[`AgentPreferences should render as expected 1`] = `
<Modal
  appElement="#__next"
  headerTitle=""
  isOpen={false}
  onClose={[Function]}
  renderFooter={[Function]}
  type="dialog"
>
  <withSpacing(Heading)
    level={1}
    size="small"
    spacing="0 0 large 0"
  >
    settings.settings_title
  </withSpacing(Heading)>
  <InputLabel
    className=""
    isRequired={false}
    isValid={true}
  >
    settings.select_country_title
  </InputLabel>
  <withLayout(withSpacing(Select))
    id="select-agent-country"
    layout="block"
    onChange={[Function]}
    spacing="0 0 large 0"
    value="uk"
  >
    <Option
      className=""
      highlighted={false}
      isButton={false}
      isMulti={false}
      key="au"
      selected={false}
      value="au"
    >
      Australia
    </Option>
    <Option
      className=""
      highlighted={false}
      isButton={false}
      isMulti={false}
      key="de"
      selected={false}
      value="de"
    >
      Germany
    </Option>
    <Option
      className=""
      highlighted={false}
      isButton={false}
      isMulti={false}
      key="es"
      selected={false}
      value="es"
    >
      Spain
    </Option>
    <Option
      className=""
      highlighted={false}
      isButton={false}
      isMulti={false}
      key="fr"
      selected={false}
      value="fr"
    >
      France
    </Option>
    <Option
      className=""
      highlighted={false}
      isButton={false}
      isMulti={false}
      key="uk"
      selected={false}
      value="uk"
    >
      United Kingdom
    </Option>
  </withLayout(withSpacing(Select))>
  <InputLabel
    className=""
    isRequired={false}
    isValid={true}
  >
    settings.select_language_title
  </InputLabel>
  <withLayout(withSpacing(Select))
    id="select-agent-language"
    layout="block"
    onChange={[Function]}
    spacing="0 0 medium 0"
    value="en"
  >
    <Option
      className=""
      highlighted={false}
      isButton={false}
      isMulti={false}
      key="de"
      selected={false}
      value="de"
    >
      Deutsch
    </Option>
    <Option
      className=""
      highlighted={false}
      isButton={false}
      isMulti={false}
      key="en"
      selected={false}
      value="en"
    >
      English
    </Option>
    <Option
      className=""
      highlighted={false}
      isButton={false}
      isMulti={false}
      key="es"
      selected={false}
      value="es"
    >
      Español
    </Option>
    <Option
      className=""
      highlighted={false}
      isButton={false}
      isMulti={false}
      key="fr"
      selected={false}
      value="fr"
    >
      Français
    </Option>
  </withLayout(withSpacing(Select))>
</Modal>
`;
